While writing this info the docker for fedora 28 is currently at beta state.

#-----------------------------------------------------
# First uninstall all the previous versions of Docker|
#-----------------------------------------------------

$] sudo dnf remove docker \
	           docker-client \
		   docker-client-latest \
		   docker-common \
		   docker-latest \
		   docker-latest-logrotate \
		   docker-selinux \
		   docker-engine-selinux \
		   docker-engine

   Itâ€™s OK if dnf reports that none of these packages are installed.



#------------------------------------------
# Installing Docker-CE (Community Edition)|
#------------------------------------------

# Setting up the repository
$ sudo dnf -y install dnf-plugins-core

# Use the following command to set up the stable repository
$ sudo dnf config-manager \
    --add-repo \
    https://download.docker.com/linux/fedora/docker-ce.repo

# This command is completely optional
#Enable the edge and test repositories. These repositories are included in the docker.repo 
#file above but are disabled by default. You can enable them alongside the stable repository.

$ sudo dnf config-manager --set-enabled docker-ce-edge

$ sudo dnf config-manager --set-enabled docker-ce-test


# Now install DOCKER-CE
$ sudo dnf install docker-ce

# To start the Docker
$ sudo systemctl start docker

# Verify that Docker CE is installed correctly by running the hello-world image (docker will pull up the image)
$ sudo docker run hello-world


# If you get a sock error. Try to set the permissions for the docker.sock as given below
$ sudo chmod 666 /var/run/docker.sock

